main.c:98:5:main	8	static
main.c:153:6:SystemClock_Config	104	static
main.c:201:13:MX_ADC_Init	24	static
main.c:260:13:MX_I2C1_Init	8	static
main.c:306:13:MX_TIM3_Init	32	static
main.c:351:13:MX_USART1_UART_Init	8	static
main.c:386:13:MX_USART2_UART_Init	8	static
main.c:421:13:MX_GPIO_Init	56	static
main.c:478:6:HAL_GPIO_EXTI_Callback	152	static
main.c:584:6:HAL_TIM_PeriodElapsedCallback	16	static
main.c:599:6:HAL_ADC_ConvCpltCallback	160	static
main.c:630:6:ADC_Select_CH11	24	static
main.c:642:6:GET_ADC_Value	8	static
main.c:653:6:Error_Handler	8	static,ignoring_inline_asm
