main.c:123:5:main	8	static
main.c:181:6:SystemClock_Config	104	static
main.c:228:13:MX_ADC_Init	24	static
main.c:363:13:MX_TIM3_Init	32	static
main.c:408:13:MX_USART1_UART_Init	8	static
main.c:443:13:MX_USART2_UART_Init	8	static
main.c:476:13:MX_DMA_Init	16	static
main.c:494:13:MX_GPIO_Init	56	static
main.c:551:6:HAL_GPIO_EXTI_Callback	152	static
main.c:699:6:HAL_TIM_PeriodElapsedCallback	16	static
main.c:725:6:HAL_ADC_ConvCpltCallback	16	static
main.c:740:6:ADC_Test	24	static
main.c:780:6:CallibrationPhoto	16	static
main.c:808:6:PhotoProcess	152	static
main.c:887:6:ADC_Select_CH11	24	static
main.c:901:6:ADC_Select_CH10	24	static
main.c:915:6:ADC_Select_CH12	24	static
main.c:927:6:ADC_Select_CH13	24	static
main.c:939:6:ADC_Select_CH4	24	static
main.c:953:6:GET_ADC_Value	8	static
main.c:963:6:Error_Handler	8	static,ignoring_inline_asm
