stm32f0xx_it.c:73:6:NMI_Handler	8	static
stm32f0xx_it.c:88:6:HardFault_Handler	8	static
stm32f0xx_it.c:103:6:SVC_Handler	8	static
stm32f0xx_it.c:116:6:PendSV_Handler	8	static
stm32f0xx_it.c:129:6:SysTick_Handler	8	static
stm32f0xx_it.c:150:6:FLASH_IRQHandler	8	static
stm32f0xx_it.c:164:6:RCC_IRQHandler	8	static
stm32f0xx_it.c:177:6:EXTI0_1_IRQHandler	8	static
stm32f0xx_it.c:192:6:EXTI4_15_IRQHandler	8	static
stm32f0xx_it.c:214:6:ADC1_IRQHandler	8	static
stm32f0xx_it.c:228:6:TIM3_IRQHandler	8	static
stm32f0xx_it.c:242:6:I2C1_IRQHandler	8	static
stm32f0xx_it.c:260:6:USART2_IRQHandler	8	static
