stm32f0xx_it.c:72:6:NMI_Handler	8	static
stm32f0xx_it.c:87:6:HardFault_Handler	8	static
stm32f0xx_it.c:102:6:SVC_Handler	8	static
stm32f0xx_it.c:115:6:PendSV_Handler	8	static
stm32f0xx_it.c:128:6:SysTick_Handler	8	static
stm32f0xx_it.c:149:6:FLASH_IRQHandler	8	static
stm32f0xx_it.c:163:6:RCC_IRQHandler	8	static
stm32f0xx_it.c:176:6:EXTI4_15_IRQHandler	8	static
stm32f0xx_it.c:192:6:ADC1_IRQHandler	8	static
stm32f0xx_it.c:206:6:TIM1_BRK_UP_TRG_COM_IRQHandler	8	static
stm32f0xx_it.c:220:6:TIM1_CC_IRQHandler	8	static
stm32f0xx_it.c:234:6:USART2_IRQHandler	8	static
